abcde => bcdef
bcdef => cdefg
cdefg => defgh
defgh => efghi
efghi => fghij
