abcd => 0123
mnkj => 2309
ouyt => 4049
qxyz => 6345
