abcd => bcde
mnkj => opml
ouyt => syCx
qxyz => yFGH
