abcd => 10 11 12 13 
mnkj => 12 13 10 19 
ouyt => 14 10 14 19 
qxyz => 16 13 14 15 
